// Jest Snapshot v1, https://goo.gl/fbAQLP

exports[`<Logo /> should render the heading 1`] = `
<main
  class="styles__Wrapper-gFJSv"
>
  <h1>
    Logo
  </h1>
</main>
`
